// Jest Snapshot v1, https://goo.gl/fbAQLP

exports[`should render expense list item 1`] = `
<div>
  <Link
    replace={false}
    to="edit/1"
  >
    <h3>
      Gum
    </h3>
  </Link>
  <p>
    USD 
    1.95
     - 
    0
  </p>
</div>
`;
