// Jest Snapshot v1, https://goo.gl/fbAQLP

exports[`should render expense list with empty message 1`] = `
<div>
  <p>
    You have 
    0
     expenses, totalling: 
    $0.00
  </p>
  <p>
    No expenses available.
  </p>
</div>
`;

exports[`should render expense list with expenses 1`] = `
<div>
  <p>
    You have 
    3
     expenses, totalling: 
    $1,141.95
  </p>
  <ExpenseListItem
    amount={195}
    createdAt={0}
    description="Gum"
    id="1"
    key="1"
    note=""
  />
  <ExpenseListItem
    amount={109500}
    createdAt={-345600000}
    description="Rent"
    id="2"
    key="2"
    note=""
  />
  <ExpenseListItem
    amount={4500}
    createdAt={345600000}
    description="Credit Card"
    id="3"
    key="3"
    note=""
  />
</div>
`;
