// Jest Snapshot v1, https://goo.gl/fbAQLP

exports[`checks expense dashboard page 1`] = `
<div>
  <Connect(ExpenseListFilter) />
  <Connect(ExpenseList) />
</div>
`;
